error[E0601]: `main` function not found in crate `$CRATE`
 --> tests/uncompilable/1.78/non_copy.rs:7:2
  |
7 | }
  |  ^ consider adding a `main` function to `$DIR/tests/uncompilable/1.78/non_copy.rs`

error[E0277]: the trait bound `String: Copy` is not satisfied
 --> tests/uncompilable/1.78/non_copy.rs:6:10
  |
6 |     foo: String,
  |          ^^^^^^ the trait `Copy` is not implemented for `String`
  |
note: required by a bound in `field_implements_copy`
 --> tests/uncompilable/1.78/non_copy.rs:3:1
  |
3 | #[fxstruct]
  | ^^^^^^^^^^^ required by this bound in `field_implements_copy`
  = note: this error originates in the attribute macro `fxstruct` (in Nightly builds, run with -Z macro-backtrace for more info)

error[E0507]: cannot move out of `self.foo` which is behind a shared reference
 --> tests/uncompilable/1.78/non_copy.rs:5:5
  |
5 | /     #[fieldx(copy, clearer)]
6 | |     foo: String,
  | |_______^ move occurs because `self.foo` has type `Option<String>`, which does not implement the `Copy` trait
